{
  "version": "1.5.0",
  "plugins_used": [
    {
      "name": "ArtifactoryDetector"
    },
    {
      "name": "AWSKeyDetector"
    },
    {
      "name": "AzureStorageKeyDetector"
    },
    {
      "name": "Base64HighEntropyString",
      "limit": 4.5
    },
    {
      "name": "BasicAuthDetector"
    },
    {
      "name": "CloudantDetector"
    },
    {
      "name": "DiscordBotTokenDetector"
    },
    {
      "name": "GitHubTokenDetector"
    },
    {
      "name": "GitLabTokenDetector"
    },
    {
      "name": "HexHighEntropyString",
      "limit": 3.0
    },
    {
      "name": "IbmCloudIamDetector"
    },
    {
      "name": "IbmCosHmacDetector"
    },
    {
      "name": "IPPublicDetector"
    },
    {
      "name": "JwtTokenDetector"
    },
    {
      "name": "KeywordDetector",
      "keyword_exclude": ""
    },
    {
      "name": "MailchimpDetector"
    },
    {
      "name": "NpmDetector"
    },
    {
      "name": "OpenAIDetector"
    },
    {
      "name": "PrivateKeyDetector"
    },
    {
      "name": "PypiTokenDetector"
    },
    {
      "name": "SendGridDetector"
    },
    {
      "name": "SlackDetector"
    },
    {
      "name": "SoftlayerDetector"
    },
    {
      "name": "SquareOAuthDetector"
    },
    {
      "name": "StripeDetector"
    },
    {
      "name": "TelegramBotTokenDetector"
    },
    {
      "name": "TwilioKeyDetector"
    }
  ],
  "filters_used": [
    {
      "path": "detect_secrets.filters.allowlist.is_line_allowlisted"
    },
    {
      "path": "detect_secrets.filters.common.is_baseline_file",
      "filename": ".secrets.baseline"
    },
    {
      "path": "detect_secrets.filters.common.is_ignored_due_to_verification_policies",
      "min_level": 2
    },
    {
      "path": "detect_secrets.filters.heuristic.is_indirect_reference"
    },
    {
      "path": "detect_secrets.filters.heuristic.is_likely_id_string"
    },
    {
      "path": "detect_secrets.filters.heuristic.is_lock_file"
    },
    {
      "path": "detect_secrets.filters.heuristic.is_not_alphanumeric_string"
    },
    {
      "path": "detect_secrets.filters.heuristic.is_potential_uuid"
    },
    {
      "path": "detect_secrets.filters.heuristic.is_prefixed_with_dollar_sign"
    },
    {
      "path": "detect_secrets.filters.heuristic.is_sequential_string"
    },
    {
      "path": "detect_secrets.filters.heuristic.is_swagger_file"
    },
    {
      "path": "detect_secrets.filters.heuristic.is_templated_secret"
    },
    {
      "path": "detect_secrets.filters.regex.should_exclude_file",
      "pattern": [
        "node_modules|\\.next|\\.git"
      ]
    }
  ],
  "results": {
    "lib/data/melbourneVenues.ts": [
      {
        "type": "Base64 High Entropy String",
        "filename": "lib/data/melbourneVenues.ts",
        "hashed_secret": "3a1bae8cd28dc49f1f5a95e57351084d5432ead4",
        "is_verified": false,
        "line_number": 3
      },
      {
        "type": "Base64 High Entropy String",
        "filename": "lib/data/melbourneVenues.ts",
        "hashed_secret": "46d503d8c1af135e07a68aa79d57155f2245fb39",
        "is_verified": false,
        "line_number": 39
      },
      {
        "type": "Base64 High Entropy String",
        "filename": "lib/data/melbourneVenues.ts",
        "hashed_secret": "bc57899b9b97b5ce24773853c8b8a29431a59a2e",
        "is_verified": false,
        "line_number": 91
      },
      {
        "type": "Base64 High Entropy String",
        "filename": "lib/data/melbourneVenues.ts",
        "hashed_secret": "0ea13177aa25541c666e9198860f43a2d831f499",
        "is_verified": false,
        "line_number": 268
      },
      {
        "type": "Base64 High Entropy String",
        "filename": "lib/data/melbourneVenues.ts",
        "hashed_secret": "a9baad52d2e8ee79ef244dbba2813edb2322d23a",
        "is_verified": false,
        "line_number": 294
      },
      {
        "type": "Base64 High Entropy String",
        "filename": "lib/data/melbourneVenues.ts",
        "hashed_secret": "20eb98f848d65907d94e8e218c3964e4b8ca84de",
        "is_verified": false,
        "line_number": 325
      },
      {
        "type": "Base64 High Entropy String",
        "filename": "lib/data/melbourneVenues.ts",
        "hashed_secret": "c6a9aa7f0eeeb9a5e52f9dbbc3c347ec2f98b9fe",
        "is_verified": false,
        "line_number": 350
      },
      {
        "type": "Base64 High Entropy String",
        "filename": "lib/data/melbourneVenues.ts",
        "hashed_secret": "462d76f3d3047a8ec58197841044470f22493efb",
        "is_verified": false,
        "line_number": 480
      },
      {
        "type": "Base64 High Entropy String",
        "filename": "lib/data/melbourneVenues.ts",
        "hashed_secret": "ed4d294ce528181c1b249f35a7f22976ac6c1123",
        "is_verified": false,
        "line_number": 550
      },
      {
        "type": "Base64 High Entropy String",
        "filename": "lib/data/melbourneVenues.ts",
        "hashed_secret": "b96e05a8bedd0ff73e5b748b1a56c5fd275676ca",
        "is_verified": false,
        "line_number": 576
      },
      {
        "type": "Base64 High Entropy String",
        "filename": "lib/data/melbourneVenues.ts",
        "hashed_secret": "6bf7aa254b6599a63fa88ce016c18c8139bfaa6d",
        "is_verified": false,
        "line_number": 588
      },
      {
        "type": "Base64 High Entropy String",
        "filename": "lib/data/melbourneVenues.ts",
        "hashed_secret": "d35ee4cdf4ce8e9ce6e3bfdd49fd60062d388284",
        "is_verified": false,
        "line_number": 600
      },
      {
        "type": "Base64 High Entropy String",
        "filename": "lib/data/melbourneVenues.ts",
        "hashed_secret": "a010049db57994d576ad3662e9f673e18e78261b",
        "is_verified": false,
        "line_number": 612
      },
      {
        "type": "Base64 High Entropy String",
        "filename": "lib/data/melbourneVenues.ts",
        "hashed_secret": "b24bea667f7429d1d904e284834c3c7bb7cd961a",
        "is_verified": false,
        "line_number": 655
      },
      {
        "type": "Base64 High Entropy String",
        "filename": "lib/data/melbourneVenues.ts",
        "hashed_secret": "e8478e6eb3979f9fc1fa9140123dcd5850cf31dc",
        "is_verified": false,
        "line_number": 683
      },
      {
        "type": "Base64 High Entropy String",
        "filename": "lib/data/melbourneVenues.ts",
        "hashed_secret": "00c59627713742890d265331c59a8696ada40c0c",
        "is_verified": false,
        "line_number": 712
      },
      {
        "type": "Base64 High Entropy String",
        "filename": "lib/data/melbourneVenues.ts",
        "hashed_secret": "05a88624d79560bfc77b6675f2ea00a18bc5a659",
        "is_verified": false,
        "line_number": 736
      },
      {
        "type": "Base64 High Entropy String",
        "filename": "lib/data/melbourneVenues.ts",
        "hashed_secret": "5f61ee8d036eb68101d41bf0ed4e8f2f3dc9c3a0",
        "is_verified": false,
        "line_number": 774
      },
      {
        "type": "Base64 High Entropy String",
        "filename": "lib/data/melbourneVenues.ts",
        "hashed_secret": "91ce60734e57d86ae332f3c7bfe7ecde7e3b3ac3",
        "is_verified": false,
        "line_number": 868
      },
      {
        "type": "Base64 High Entropy String",
        "filename": "lib/data/melbourneVenues.ts",
        "hashed_secret": "3483be752558d835df5e8d0898665111d740fd3d",
        "is_verified": false,
        "line_number": 905
      },
      {
        "type": "Base64 High Entropy String",
        "filename": "lib/data/melbourneVenues.ts",
        "hashed_secret": "085ef85a51b87f357df296a1e9f8540b1f82e85f",
        "is_verified": false,
        "line_number": 918
      },
      {
        "type": "Base64 High Entropy String",
        "filename": "lib/data/melbourneVenues.ts",
        "hashed_secret": "9cebe4d9ec44a93c95f86cba77fbbc66500bc88e",
        "is_verified": false,
        "line_number": 930
      },
      {
        "type": "Base64 High Entropy String",
        "filename": "lib/data/melbourneVenues.ts",
        "hashed_secret": "62e45fb52697f53ef1fed1bb384aa09e0caf812a",
        "is_verified": false,
        "line_number": 1026
      },
      {
        "type": "Base64 High Entropy String",
        "filename": "lib/data/melbourneVenues.ts",
        "hashed_secret": "4117c82915b21f1bf0260df0aef896409df22048",
        "is_verified": false,
        "line_number": 1039
      },
      {
        "type": "Base64 High Entropy String",
        "filename": "lib/data/melbourneVenues.ts",
        "hashed_secret": "59f6b966a84c77009cd6e2145615169f0f5a95ec",
        "is_verified": false,
        "line_number": 1111
      },
      {
        "type": "Base64 High Entropy String",
        "filename": "lib/data/melbourneVenues.ts",
        "hashed_secret": "24c97b961dee515319ece11b4e177bba1dcb8075",
        "is_verified": false,
        "line_number": 1123
      },
      {
        "type": "Base64 High Entropy String",
        "filename": "lib/data/melbourneVenues.ts",
        "hashed_secret": "828f6dcb20dfa01ac94b57043a5e03b2d140174a",
        "is_verified": false,
        "line_number": 1166
      },
      {
        "type": "Base64 High Entropy String",
        "filename": "lib/data/melbourneVenues.ts",
        "hashed_secret": "622824a5f7ed952e9df3ac1770b76e7c399b4812",
        "is_verified": false,
        "line_number": 1243
      },
      {
        "type": "Base64 High Entropy String",
        "filename": "lib/data/melbourneVenues.ts",
        "hashed_secret": "c69eb5d4198e2f731490f832bf2d259bacf13645",
        "is_verified": false,
        "line_number": 1308
      }
    ],
    "scripts/test-regressions.mts": [
      {
        "type": "Base64 High Entropy String",
        "filename": "scripts/test-regressions.mts",
        "hashed_secret": "a9911c7196a6ed3a0f20421320d16e9e1987a244",
        "is_verified": false,
        "line_number": 17116
      },
      {
        "type": "Base64 High Entropy String",
        "filename": "scripts/test-regressions.mts",
        "hashed_secret": "77f17c8f9430cec2f21227fa729e47da1d47c1a9",
        "is_verified": false,
        "line_number": 17119
      },
      {
        "type": "Base64 High Entropy String",
        "filename": "scripts/test-regressions.mts",
        "hashed_secret": "ba5e47c7f40ae95f57f0567615b79638c3042793",
        "is_verified": false,
        "line_number": 17141
      },
      {
        "type": "Secret Keyword",
        "filename": "scripts/test-regressions.mts",
        "hashed_secret": "05baadf86b23d3dafaf432263a7cf24d0287a350",
        "is_verified": false,
        "line_number": 17144
      },
      {
        "type": "Basic Auth Credentials",
        "filename": "scripts/test-regressions.mts",
        "hashed_secret": "386722ea3d89ac4cb86065590db7a474681ca781",
        "is_verified": false,
        "line_number": 17166
      },
      {
        "type": "Private Key",
        "filename": "scripts/test-regressions.mts",
        "hashed_secret": "be4fc4886bd949b369d5e092eb87494f12e57e5b",
        "is_verified": false,
        "line_number": 17175
      }
    ]
  },
  "generated_at": "2026-08-10T10:09:47Z"
}
